
> fitness-brand-template@1.0.0 build
> next build

  ▲ Next.js 14.2.33
  - Environments: .env.local

   Creating an optimized production build ...
 ✓ Compiled successfully
   Linting and checking validity of types ...
   Collecting page data ...
   Generating static pages (0/152) ...
Error fetching analytics: n [Error]: Dynamic server usage: Route /api/admin/analytics couldn't be rendered statically because it used `cookies`. See more info here: https://nextjs.org/docs/messages/dynamic-server-error
    at l (/Users/julianclarkson/Documents/Scorpion26.00/.next/server/chunks/9276.js:1:56329)
    at u (/Users/julianclarkson/Documents/Scorpion26.00/.next/server/chunks/3456.js:42:4842)
    at o (/Users/julianclarkson/Documents/Scorpion26.00/.next/server/app/api/admin/users/route.js:1:2717)
    at u (/Users/julianclarkson/Documents/Scorpion26.00/.next/server/app/api/admin/analytics/route.js:1:1062)
    at /Users/julianclarkson/Documents/Scorpion26.00/node_modules/next/dist/compiled/next-server/app-route.runtime.prod.js:6:38417
    at /Users/julianclarkson/Documents/Scorpion26.00/node_modules/next/dist/server/lib/trace/tracer.js:140:36
    at NoopContextManager.with (/Users/julianclarkson/Documents/Scorpion26.00/node_modules/@opentelemetry/api/build/src/context/NoopContextManager.js:25:19)
    at ContextAPI.with (/Users/julianclarkson/Documents/Scorpion26.00/node_modules/@opentelemetry/api/build/src/api/context.js:60:46)
    at NoopTracer.startActiveSpan (/Users/julianclarkson/Documents/Scorpion26.00/node_modules/@opentelemetry/api/build/src/trace/NoopTracer.js:65:31)
    at ProxyTracer.startActiveSpan (/Users/julianclarkson/Documents/Scorpion26.00/node_modules/@opentelemetry/api/build/src/trace/ProxyTracer.js:36:24) {
  description: "Route /api/admin/analytics couldn't be rendered statically because it used `cookies`. See more info here: https://nextjs.org/docs/messages/dynamic-server-error",
  digest: 'DYNAMIC_SERVER_USAGE'
}
Authentication error: n [Error]: Dynamic server usage: Route /api/admin/audit-logs couldn't be rendered statically because it used `cookies`. See more info here: https://nextjs.org/docs/messages/dynamic-server-error
    at l (/Users/julianclarkson/Documents/Scorpion26.00/.next/server/chunks/9276.js:1:56329)
    at u (/Users/julianclarkson/Documents/Scorpion26.00/.next/server/chunks/3456.js:42:4842)
    at a (/Users/julianclarkson/Documents/Scorpion26.00/.next/server/app/api/admin/blog/route.js:1:2666)
    at i (/Users/julianclarkson/Documents/Scorpion26.00/.next/server/chunks/7692.js:1:227)
    at /Users/julianclarkson/Documents/Scorpion26.00/.next/server/chunks/7692.js:1:731
    at /Users/julianclarkson/Documents/Scorpion26.00/node_modules/next/dist/compiled/next-server/app-route.runtime.prod.js:6:38417
    at /Users/julianclarkson/Documents/Scorpion26.00/node_modules/next/dist/server/lib/trace/tracer.js:140:36
    at NoopContextManager.with (/Users/julianclarkson/Documents/Scorpion26.00/node_modules/@opentelemetry/api/build/src/context/NoopContextManager.js:25:19)
    at ContextAPI.with (/Users/julianclarkson/Documents/Scorpion26.00/node_modules/@opentelemetry/api/build/src/api/context.js:60:46)
    at NoopTracer.startActiveSpan (/Users/julianclarkson/Documents/Scorpion26.00/node_modules/@opentelemetry/api/build/src/trace/NoopTracer.js:65:31) {
  description: "Route /api/admin/audit-logs couldn't be rendered statically because it used `cookies`. See more info here: https://nextjs.org/docs/messages/dynamic-server-error",
  digest: 'DYNAMIC_SERVER_USAGE'
}
Error fetching analytics: n [Error]: Dynamic server usage: Route /api/collaborator/analytics couldn't be rendered statically because it used `cookies`. See more info here: https://nextjs.org/docs/messages/dynamic-server-error
    at l (/Users/julianclarkson/Documents/Scorpion26.00/.next/server/chunks/9276.js:1:56329)
    at u (/Users/julianclarkson/Documents/Scorpion26.00/.next/server/chunks/3456.js:42:4842)
    at a (/Users/julianclarkson/Documents/Scorpion26.00/.next/server/app/api/admin/workouts/[id]/route.js:1:2319)
    at l (/Users/julianclarkson/Documents/Scorpion26.00/.next/server/app/api/collaborator/analytics/route.js:1:1064)
    at /Users/julianclarkson/Documents/Scorpion26.00/node_modules/next/dist/compiled/next-server/app-route.runtime.prod.js:6:38417
    at /Users/julianclarkson/Documents/Scorpion26.00/node_modules/next/dist/server/lib/trace/tracer.js:140:36
    at NoopContextManager.with (/Users/julianclarkson/Documents/Scorpion26.00/node_modules/@opentelemetry/api/build/src/context/NoopContextManager.js:25:19)
    at ContextAPI.with (/Users/julianclarkson/Documents/Scorpion26.00/node_modules/@opentelemetry/api/build/src/api/context.js:60:46)
    at NoopTracer.startActiveSpan (/Users/julianclarkson/Documents/Scorpion26.00/node_modules/@opentelemetry/api/build/src/trace/NoopTracer.js:65:31)
    at ProxyTracer.startActiveSpan (/Users/julianclarkson/Documents/Scorpion26.00/node_modules/@opentelemetry/api/build/src/trace/ProxyTracer.js:36:24) {
  description: "Route /api/collaborator/analytics couldn't be rendered statically because it used `cookies`. See more info here: https://nextjs.org/docs/messages/dynamic-server-error",
  digest: 'DYNAMIC_SERVER_USAGE'
}
Error generating recommendations: n [Error]: Dynamic server usage: Route /api/ai/recommendations couldn't be rendered statically because it used `cookies`. See more info here: https://nextjs.org/docs/messages/dynamic-server-error
    at l (/Users/julianclarkson/Documents/Scorpion26.00/.next/server/chunks/9276.js:1:56329)
    at u (/Users/julianclarkson/Documents/Scorpion26.00/.next/server/chunks/3456.js:42:4842)
    at n (/Users/julianclarkson/Documents/Scorpion26.00/.next/server/app/api/admin/subscriptions/route.js:1:2315)
    at g (/Users/julianclarkson/Documents/Scorpion26.00/.next/server/app/api/ai/recommendations/route.js:1:7559)
    at /Users/julianclarkson/Documents/Scorpion26.00/node_modules/next/dist/compiled/next-server/app-route.runtime.prod.js:6:38417
    at /Users/julianclarkson/Documents/Scorpion26.00/node_modules/next/dist/server/lib/trace/tracer.js:140:36
    at NoopContextManager.with (/Users/julianclarkson/Documents/Scorpion26.00/node_modules/@opentelemetry/api/build/src/context/NoopContextManager.js:25:19)
    at ContextAPI.with (/Users/julianclarkson/Documents/Scorpion26.00/node_modules/@opentelemetry/api/build/src/api/context.js:60:46)
    at NoopTracer.startActiveSpan (/Users/julianclarkson/Documents/Scorpion26.00/node_modules/@opentelemetry/api/build/src/trace/NoopTracer.js:65:31)
    at ProxyTracer.startActiveSpan (/Users/julianclarkson/Documents/Scorpion26.00/node_modules/@opentelemetry/api/build/src/trace/ProxyTracer.js:36:24) {
  description: "Route /api/ai/recommendations couldn't be rendered statically because it used `cookies`. See more info here: https://nextjs.org/docs/messages/dynamic-server-error",
  digest: 'DYNAMIC_SERVER_USAGE'
}
Error fetching settings: n [Error]: Dynamic server usage: Route /api/admin/settings couldn't be rendered statically because it used `cookies`. See more info here: https://nextjs.org/docs/messages/dynamic-server-error
    at l (/Users/julianclarkson/Documents/Scorpion26.00/.next/server/chunks/9276.js:1:56329)
    at u (/Users/julianclarkson/Documents/Scorpion26.00/.next/server/chunks/3456.js:42:4842)
    at s (/Users/julianclarkson/Documents/Scorpion26.00/.next/server/app/api/admin/revenue/route.js:1:2410)
    at p (/Users/julianclarkson/Documents/Scorpion26.00/.next/server/app/api/admin/settings/route.js:1:1074)
    at /Users/julianclarkson/Documents/Scorpion26.00/node_modules/next/dist/compiled/next-server/app-route.runtime.prod.js:6:38417
    at /Users/julianclarkson/Documents/Scorpion26.00/node_modules/next/dist/server/lib/trace/tracer.js:140:36
    at NoopContextManager.with (/Users/julianclarkson/Documents/Scorpion26.00/node_modules/@opentelemetry/api/build/src/context/NoopContextManager.js:25:19)
    at ContextAPI.with (/Users/julianclarkson/Documents/Scorpion26.00/node_modules/@opentelemetry/api/build/src/api/context.js:60:46)
    at NoopTracer.startActiveSpan (/Users/julianclarkson/Documents/Scorpion26.00/node_modules/@opentelemetry/api/build/src/trace/NoopTracer.js:65:31)
    at ProxyTracer.startActiveSpan (/Users/julianclarkson/Documents/Scorpion26.00/node_modules/@opentelemetry/api/build/src/trace/ProxyTracer.js:36:24) {
  description: "Route /api/admin/settings couldn't be rendered statically because it used `cookies`. See more info here: https://nextjs.org/docs/messages/dynamic-server-error",
  digest: 'DYNAMIC_SERVER_USAGE'
}
Fitbit OAuth callback error: B [Error]: Dynamic server usage: Route /api/auth/fitbit/callback couldn't be rendered statically because it used `request.url`. See more info here: https://nextjs.org/docs/messages/dynamic-server-error
    at V (/Users/julianclarkson/Documents/Scorpion26.00/node_modules/next/dist/compiled/next-server/app-route.runtime.prod.js:6:21778)
    at Object.get (/Users/julianclarkson/Documents/Scorpion26.00/node_modules/next/dist/compiled/next-server/app-route.runtime.prod.js:6:29465)
    at u (/Users/julianclarkson/Documents/Scorpion26.00/.next/server/app/api/auth/fitbit/callback/route.js:1:1076)
    at /Users/julianclarkson/Documents/Scorpion26.00/node_modules/next/dist/compiled/next-server/app-route.runtime.prod.js:6:38417
    at /Users/julianclarkson/Documents/Scorpion26.00/node_modules/next/dist/server/lib/trace/tracer.js:140:36
    at NoopContextManager.with (/Users/julianclarkson/Documents/Scorpion26.00/node_modules/@opentelemetry/api/build/src/context/NoopContextManager.js:25:19)
    at ContextAPI.with (/Users/julianclarkson/Documents/Scorpion26.00/node_modules/@opentelemetry/api/build/src/api/context.js:60:46)
    at NoopTracer.startActiveSpan (/Users/julianclarkson/Documents/Scorpion26.00/node_modules/@opentelemetry/api/build/src/trace/NoopTracer.js:65:31)
    at ProxyTracer.startActiveSpan (/Users/julianclarkson/Documents/Scorpion26.00/node_modules/@opentelemetry/api/build/src/trace/ProxyTracer.js:36:24)
    at /Users/julianclarkson/Documents/Scorpion26.00/node_modules/next/dist/server/lib/trace/tracer.js:122:103 {
  description: "Route /api/auth/fitbit/callback couldn't be rendered statically because it used `request.url`. See more info here: https://nextjs.org/docs/messages/dynamic-server-error",
  digest: 'DYNAMIC_SERVER_USAGE'
}
Error fetching subscriptions: n [Error]: Dynamic server usage: Route /api/admin/subscriptions couldn't be rendered statically because it used `cookies`. See more info here: https://nextjs.org/docs/messages/dynamic-server-error
    at l (/Users/julianclarkson/Documents/Scorpion26.00/.next/server/chunks/9276.js:1:56329)
    at u (/Users/julianclarkson/Documents/Scorpion26.00/.next/server/chunks/3456.js:42:4842)
    at s (/Users/julianclarkson/Documents/Scorpion26.00/.next/server/app/api/activities/cardio/route.js:1:4463)
    at c (/Users/julianclarkson/Documents/Scorpion26.00/.next/server/app/api/admin/subscriptions/route.js:1:1065)
    at /Users/julianclarkson/Documents/Scorpion26.00/node_modules/next/dist/compiled/next-server/app-route.runtime.prod.js:6:38417
    at /Users/julianclarkson/Documents/Scorpion26.00/node_modules/next/dist/server/lib/trace/tracer.js:140:36
    at NoopContextManager.with (/Users/julianclarkson/Documents/Scorpion26.00/node_modules/@opentelemetry/api/build/src/context/NoopContextManager.js:25:19)
    at ContextAPI.with (/Users/julianclarkson/Documents/Scorpion26.00/node_modules/@opentelemetry/api/build/src/api/context.js:60:46)
    at NoopTracer.startActiveSpan (/Users/julianclarkson/Documents/Scorpion26.00/node_modules/@opentelemetry/api/build/src/trace/NoopTracer.js:65:31)
    at ProxyTracer.startActiveSpan (/Users/julianclarkson/Documents/Scorpion26.00/node_modules/@opentelemetry/api/build/src/trace/ProxyTracer.js:36:24) {
  description: "Route /api/admin/subscriptions couldn't be rendered statically because it used `cookies`. See more info here: https://nextjs.org/docs/messages/dynamic-server-error",
  digest: 'DYNAMIC_SERVER_USAGE'
}
Error fetching revenue: n [Error]: Dynamic server usage: Route /api/admin/revenue couldn't be rendered statically because it used `cookies`. See more info here: https://nextjs.org/docs/messages/dynamic-server-error
    at l (/Users/julianclarkson/Documents/Scorpion26.00/.next/server/chunks/9276.js:1:56329)
    at u (/Users/julianclarkson/Documents/Scorpion26.00/.next/server/chunks/3456.js:42:4842)
    at a (/Users/julianclarkson/Documents/Scorpion26.00/.next/server/app/api/admin/programs/route.js:1:2391)
    at c (/Users/julianclarkson/Documents/Scorpion26.00/.next/server/app/api/admin/revenue/route.js:1:1065)
    at /Users/julianclarkson/Documents/Scorpion26.00/node_modules/next/dist/compiled/next-server/app-route.runtime.prod.js:6:38417
    at /Users/julianclarkson/Documents/Scorpion26.00/node_modules/next/dist/server/lib/trace/tracer.js:140:36
    at NoopContextManager.with (/Users/julianclarkson/Documents/Scorpion26.00/node_modules/@opentelemetry/api/build/src/context/NoopContextManager.js:25:19)
    at ContextAPI.with (/Users/julianclarkson/Documents/Scorpion26.00/node_modules/@opentelemetry/api/build/src/api/context.js:60:46)
    at NoopTracer.startActiveSpan (/Users/julianclarkson/Documents/Scorpion26.00/node_modules/@opentelemetry/api/build/src/trace/NoopTracer.js:65:31)
    at ProxyTracer.startActiveSpan (/Users/julianclarkson/Documents/Scorpion26.00/node_modules/@opentelemetry/api/build/src/trace/ProxyTracer.js:36:24) {
  description: "Route /api/admin/revenue couldn't be rendered statically because it used `cookies`. See more info here: https://nextjs.org/docs/messages/dynamic-server-error",
  digest: 'DYNAMIC_SERVER_USAGE'
}
Error fetching earnings: n [Error]: Dynamic server usage: Route /api/collaborator/earnings couldn't be rendered statically because it used `cookies`. See more info here: https://nextjs.org/docs/messages/dynamic-server-error
    at l (/Users/julianclarkson/Documents/Scorpion26.00/.next/server/chunks/9276.js:1:56329)
    at u (/Users/julianclarkson/Documents/Scorpion26.00/.next/server/chunks/3456.js:42:4842)
    at a (/Users/julianclarkson/Documents/Scorpion26.00/.next/server/app/api/admin/support/route.js:1:2497)
    at c (/Users/julianclarkson/Documents/Scorpion26.00/.next/server/app/api/collaborator/earnings/route.js:1:1064)
    at /Users/julianclarkson/Documents/Scorpion26.00/node_modules/next/dist/compiled/next-server/app-route.runtime.prod.js:6:38417
    at /Users/julianclarkson/Documents/Scorpion26.00/node_modules/next/dist/server/lib/trace/tracer.js:140:36
    at NoopContextManager.with (/Users/julianclarkson/Documents/Scorpion26.00/node_modules/@opentelemetry/api/build/src/context/NoopContextManager.js:25:19)
    at ContextAPI.with (/Users/julianclarkson/Documents/Scorpion26.00/node_modules/@opentelemetry/api/build/src/api/context.js:60:46)
    at NoopTracer.startActiveSpan (/Users/julianclarkson/Documents/Scorpion26.00/node_modules/@opentelemetry/api/build/src/trace/NoopTracer.js:65:31)
    at ProxyTracer.startActiveSpan (/Users/julianclarkson/Documents/Scorpion26.00/node_modules/@opentelemetry/api/build/src/trace/ProxyTracer.js:36:24) {
  description: "Route /api/collaborator/earnings couldn't be rendered statically because it used `cookies`. See more info here: https://nextjs.org/docs/messages/dynamic-server-error",
  digest: 'DYNAMIC_SERVER_USAGE'
}
Google Fit OAuth callback error: B [Error]: Dynamic server usage: Route /api/auth/google-fit/callback couldn't be rendered statically because it used `request.url`. See more info here: https://nextjs.org/docs/messages/dynamic-server-error
    at V (/Users/julianclarkson/Documents/Scorpion26.00/node_modules/next/dist/compiled/next-server/app-route.runtime.prod.js:6:21778)
    at Object.get (/Users/julianclarkson/Documents/Scorpion26.00/node_modules/next/dist/compiled/next-server/app-route.runtime.prod.js:6:29465)
    at l (/Users/julianclarkson/Documents/Scorpion26.00/.next/server/app/api/auth/google-fit/callback/route.js:1:1076)
    at /Users/julianclarkson/Documents/Scorpion26.00/node_modules/next/dist/compiled/next-server/app-route.runtime.prod.js:6:38417
    at /Users/julianclarkson/Documents/Scorpion26.00/node_modules/next/dist/server/lib/trace/tracer.js:140:36
    at NoopContextManager.with (/Users/julianclarkson/Documents/Scorpion26.00/node_modules/@opentelemetry/api/build/src/context/NoopContextManager.js:25:19)
    at ContextAPI.with (/Users/julianclarkson/Documents/Scorpion26.00/node_modules/@opentelemetry/api/build/src/api/context.js:60:46)
    at NoopTracer.startActiveSpan (/Users/julianclarkson/Documents/Scorpion26.00/node_modules/@opentelemetry/api/build/src/trace/NoopTracer.js:65:31)
    at ProxyTracer.startActiveSpan (/Users/julianclarkson/Documents/Scorpion26.00/node_modules/@opentelemetry/api/build/src/trace/ProxyTracer.js:36:24)
    at /Users/julianclarkson/Documents/Scorpion26.00/node_modules/next/dist/server/lib/trace/tracer.js:122:103 {
  description: "Route /api/auth/google-fit/callback couldn't be rendered statically because it used `request.url`. See more info here: https://nextjs.org/docs/messages/dynamic-server-error",
  digest: 'DYNAMIC_SERVER_USAGE'
}
   Generating static pages (38/152) 
Error fetching weekly stats: n [Error]: Dynamic server usage: Route /api/health/stats/weekly couldn't be rendered statically because it used `cookies`. See more info here: https://nextjs.org/docs/messages/dynamic-server-error
    at l (/Users/julianclarkson/Documents/Scorpion26.00/.next/server/chunks/9276.js:1:56329)
    at u (/Users/julianclarkson/Documents/Scorpion26.00/.next/server/chunks/3456.js:42:4842)
    at o (/Users/julianclarkson/Documents/Scorpion26.00/.next/server/app/api/admin/users/route.js:1:2717)
    at p (/Users/julianclarkson/Documents/Scorpion26.00/.next/server/app/api/health/stats/weekly/route.js:1:1075)
    at /Users/julianclarkson/Documents/Scorpion26.00/node_modules/next/dist/compiled/next-server/app-route.runtime.prod.js:6:38417
    at /Users/julianclarkson/Documents/Scorpion26.00/node_modules/next/dist/server/lib/trace/tracer.js:140:36
    at NoopContextManager.with (/Users/julianclarkson/Documents/Scorpion26.00/node_modules/@opentelemetry/api/build/src/context/NoopContextManager.js:25:19)
    at ContextAPI.with (/Users/julianclarkson/Documents/Scorpion26.00/node_modules/@opentelemetry/api/build/src/api/context.js:60:46)
    at NoopTracer.startActiveSpan (/Users/julianclarkson/Documents/Scorpion26.00/node_modules/@opentelemetry/api/build/src/trace/NoopTracer.js:65:31)
    at ProxyTracer.startActiveSpan (/Users/julianclarkson/Documents/Scorpion26.00/node_modules/@opentelemetry/api/build/src/trace/ProxyTracer.js:36:24) {
  description: "Route /api/health/stats/weekly couldn't be rendered statically because it used `cookies`. See more info here: https://nextjs.org/docs/messages/dynamic-server-error",
  digest: 'DYNAMIC_SERVER_USAGE'
}
Authentication error: n [Error]: Dynamic server usage: Route /api/progress/stats couldn't be rendered statically because it used `cookies`. See more info here: https://nextjs.org/docs/messages/dynamic-server-error
    at l (/Users/julianclarkson/Documents/Scorpion26.00/.next/server/chunks/9276.js:1:56329)
    at u (/Users/julianclarkson/Documents/Scorpion26.00/.next/server/chunks/3456.js:42:4842)
    at a (/Users/julianclarkson/Documents/Scorpion26.00/.next/server/app/api/admin/programs/[id]/route.js:1:2680)
    at i (/Users/julianclarkson/Documents/Scorpion26.00/.next/server/chunks/7692.js:1:227)
    at /Users/julianclarkson/Documents/Scorpion26.00/.next/server/chunks/7692.js:1:731
    at /Users/julianclarkson/Documents/Scorpion26.00/node_modules/next/dist/compiled/next-server/app-route.runtime.prod.js:6:38417
    at /Users/julianclarkson/Documents/Scorpion26.00/node_modules/next/dist/server/lib/trace/tracer.js:140:36
    at NoopContextManager.with (/Users/julianclarkson/Documents/Scorpion26.00/node_modules/@opentelemetry/api/build/src/context/NoopContextManager.js:25:19)
    at ContextAPI.with (/Users/julianclarkson/Documents/Scorpion26.00/node_modules/@opentelemetry/api/build/src/api/context.js:60:46)
    at NoopTracer.startActiveSpan (/Users/julianclarkson/Documents/Scorpion26.00/node_modules/@opentelemetry/api/build/src/trace/NoopTracer.js:65:31) {
  description: "Route /api/progress/stats couldn't be rendered statically because it used `cookies`. See more info here: https://nextjs.org/docs/messages/dynamic-server-error",
  digest: 'DYNAMIC_SERVER_USAGE'
}
Error fetching daily stats: n [Error]: Dynamic server usage: Route /api/health/stats/daily couldn't be rendered statically because it used `cookies`. See more info here: https://nextjs.org/docs/messages/dynamic-server-error
    at l (/Users/julianclarkson/Documents/Scorpion26.00/.next/server/chunks/9276.js:1:56329)
    at u (/Users/julianclarkson/Documents/Scorpion26.00/.next/server/chunks/3456.js:42:4842)
    at i (/Users/julianclarkson/Documents/Scorpion26.00/.next/server/app/api/admin/settings/route.js:1:2627)
    at l (/Users/julianclarkson/Documents/Scorpion26.00/.next/server/app/api/health/stats/daily/route.js:1:1065)
    at /Users/julianclarkson/Documents/Scorpion26.00/node_modules/next/dist/compiled/next-server/app-route.runtime.prod.js:6:38417
    at /Users/julianclarkson/Documents/Scorpion26.00/node_modules/next/dist/server/lib/trace/tracer.js:140:36
    at NoopContextManager.with (/Users/julianclarkson/Documents/Scorpion26.00/node_modules/@opentelemetry/api/build/src/context/NoopContextManager.js:25:19)
    at ContextAPI.with (/Users/julianclarkson/Documents/Scorpion26.00/node_modules/@opentelemetry/api/build/src/api/context.js:60:46)
    at NoopTracer.startActiveSpan (/Users/julianclarkson/Documents/Scorpion26.00/node_modules/@opentelemetry/api/build/src/trace/NoopTracer.js:65:31)
    at ProxyTracer.startActiveSpan (/Users/julianclarkson/Documents/Scorpion26.00/node_modules/@opentelemetry/api/build/src/trace/ProxyTracer.js:36:24) {
  description: "Route /api/health/stats/daily couldn't be rendered statically because it used `cookies`. See more info here: https://nextjs.org/docs/messages/dynamic-server-error",
  digest: 'DYNAMIC_SERVER_USAGE'
}
Error in feed route: n [Error]: Dynamic server usage: Route /api/social/feed couldn't be rendered statically because it used `cookies`. See more info here: https://nextjs.org/docs/messages/dynamic-server-error
    at l (/Users/julianclarkson/Documents/Scorpion26.00/.next/server/chunks/9276.js:1:56329)
    at u (/Users/julianclarkson/Documents/Scorpion26.00/.next/server/chunks/3456.js:42:4842)
    at a (/Users/julianclarkson/Documents/Scorpion26.00/.next/server/app/api/admin/blog/route.js:1:2666)
    at p (/Users/julianclarkson/Documents/Scorpion26.00/.next/server/app/api/social/feed/route.js:1:1065)
    at /Users/julianclarkson/Documents/Scorpion26.00/node_modules/next/dist/compiled/next-server/app-route.runtime.prod.js:6:38417
    at /Users/julianclarkson/Documents/Scorpion26.00/node_modules/next/dist/server/lib/trace/tracer.js:140:36
    at NoopContextManager.with (/Users/julianclarkson/Documents/Scorpion26.00/node_modules/@opentelemetry/api/build/src/context/NoopContextManager.js:25:19)
    at ContextAPI.with (/Users/julianclarkson/Documents/Scorpion26.00/node_modules/@opentelemetry/api/build/src/api/context.js:60:46)
    at NoopTracer.startActiveSpan (/Users/julianclarkson/Documents/Scorpion26.00/node_modules/@opentelemetry/api/build/src/trace/NoopTracer.js:65:31)
    at ProxyTracer.startActiveSpan (/Users/julianclarkson/Documents/Scorpion26.00/node_modules/@opentelemetry/api/build/src/trace/ProxyTracer.js:36:24) {
  description: "Route /api/social/feed couldn't be rendered statically because it used `cookies`. See more info here: https://nextjs.org/docs/messages/dynamic-server-error",
  digest: 'DYNAMIC_SERVER_USAGE'
}
Error in suggested users route: n [Error]: Dynamic server usage: Route /api/social/users/suggested couldn't be rendered statically because it used `cookies`. See more info here: https://nextjs.org/docs/messages/dynamic-server-error
    at l (/Users/julianclarkson/Documents/Scorpion26.00/.next/server/chunks/9276.js:1:56329)
    at u (/Users/julianclarkson/Documents/Scorpion26.00/.next/server/chunks/3456.js:42:4842)
    at s (/Users/julianclarkson/Documents/Scorpion26.00/.next/server/app/api/activities/cardio/route.js:1:4463)
    at p (/Users/julianclarkson/Documents/Scorpion26.00/.next/server/app/api/social/users/suggested/route.js:1:1065)
    at /Users/julianclarkson/Documents/Scorpion26.00/node_modules/next/dist/compiled/next-server/app-route.runtime.prod.js:6:38417
    at /Users/julianclarkson/Documents/Scorpion26.00/node_modules/next/dist/server/lib/trace/tracer.js:140:36
    at NoopContextManager.with (/Users/julianclarkson/Documents/Scorpion26.00/node_modules/@opentelemetry/api/build/src/context/NoopContextManager.js:25:19)
    at ContextAPI.with (/Users/julianclarkson/Documents/Scorpion26.00/node_modules/@opentelemetry/api/build/src/api/context.js:60:46)
    at NoopTracer.startActiveSpan (/Users/julianclarkson/Documents/Scorpion26.00/node_modules/@opentelemetry/api/build/src/trace/NoopTracer.js:65:31)
    at ProxyTracer.startActiveSpan (/Users/julianclarkson/Documents/Scorpion26.00/node_modules/@opentelemetry/api/build/src/trace/ProxyTracer.js:36:24) {
  description: "Route /api/social/users/suggested couldn't be rendered statically because it used `cookies`. See more info here: https://nextjs.org/docs/messages/dynamic-server-error",
  digest: 'DYNAMIC_SERVER_USAGE'
}
Error in search route: n [Error]: Dynamic server usage: Route /api/social/users/search couldn't be rendered statically because it used `cookies`. See more info here: https://nextjs.org/docs/messages/dynamic-server-error
    at l (/Users/julianclarkson/Documents/Scorpion26.00/.next/server/chunks/9276.js:1:56329)
    at u (/Users/julianclarkson/Documents/Scorpion26.00/.next/server/chunks/3456.js:42:4842)
    at a (/Users/julianclarkson/Documents/Scorpion26.00/.next/server/app/api/admin/programs/route.js:1:2391)
    at u (/Users/julianclarkson/Documents/Scorpion26.00/.next/server/app/api/social/users/search/route.js:1:1065)
    at /Users/julianclarkson/Documents/Scorpion26.00/node_modules/next/dist/compiled/next-server/app-route.runtime.prod.js:6:38417
    at /Users/julianclarkson/Documents/Scorpion26.00/node_modules/next/dist/server/lib/trace/tracer.js:140:36
    at NoopContextManager.with (/Users/julianclarkson/Documents/Scorpion26.00/node_modules/@opentelemetry/api/build/src/context/NoopContextManager.js:25:19)
    at ContextAPI.with (/Users/julianclarkson/Documents/Scorpion26.00/node_modules/@opentelemetry/api/build/src/api/context.js:60:46)
    at NoopTracer.startActiveSpan (/Users/julianclarkson/Documents/Scorpion26.00/node_modules/@opentelemetry/api/build/src/trace/NoopTracer.js:65:31)
    at ProxyTracer.startActiveSpan (/Users/julianclarkson/Documents/Scorpion26.00/node_modules/@opentelemetry/api/build/src/trace/ProxyTracer.js:36:24) {
  description: "Route /api/social/users/search couldn't be rendered statically because it used `cookies`. See more info here: https://nextjs.org/docs/messages/dynamic-server-error",
  digest: 'DYNAMIC_SERVER_USAGE'
}
Error in GET /api/progress/workout-stats: n [Error]: Dynamic server usage: Route /api/progress/workout-stats couldn't be rendered statically because it used `cookies`. See more info here: https://nextjs.org/docs/messages/dynamic-server-error
    at l (/Users/julianclarkson/Documents/Scorpion26.00/.next/server/chunks/9276.js:1:56329)
    at u (/Users/julianclarkson/Documents/Scorpion26.00/.next/server/chunks/3456.js:42:4842)
    at a (/Users/julianclarkson/Documents/Scorpion26.00/.next/server/app/api/admin/support/route.js:1:2497)
    at c (/Users/julianclarkson/Documents/Scorpion26.00/.next/server/app/api/progress/workout-stats/route.js:1:1065)
    at /Users/julianclarkson/Documents/Scorpion26.00/node_modules/next/dist/compiled/next-server/app-route.runtime.prod.js:6:38417
    at /Users/julianclarkson/Documents/Scorpion26.00/node_modules/next/dist/server/lib/trace/tracer.js:140:36
    at NoopContextManager.with (/Users/julianclarkson/Documents/Scorpion26.00/node_modules/@opentelemetry/api/build/src/context/NoopContextManager.js:25:19)
    at ContextAPI.with (/Users/julianclarkson/Documents/Scorpion26.00/node_modules/@opentelemetry/api/build/src/api/context.js:60:46)
    at NoopTracer.startActiveSpan (/Users/julianclarkson/Documents/Scorpion26.00/node_modules/@opentelemetry/api/build/src/trace/NoopTracer.js:65:31)
    at ProxyTracer.startActiveSpan (/Users/julianclarkson/Documents/Scorpion26.00/node_modules/@opentelemetry/api/build/src/trace/ProxyTracer.js:36:24) {
  description: "Route /api/progress/workout-stats couldn't be rendered statically because it used `cookies`. See more info here: https://nextjs.org/docs/messages/dynamic-server-error",
  digest: 'DYNAMIC_SERVER_USAGE'
}
Authentication error: n [Error]: Dynamic server usage: Route /api/subscriptions/my couldn't be rendered statically because it used `cookies`. See more info here: https://nextjs.org/docs/messages/dynamic-server-error
    at l (/Users/julianclarkson/Documents/Scorpion26.00/.next/server/chunks/9276.js:1:56329)
    at u (/Users/julianclarkson/Documents/Scorpion26.00/.next/server/chunks/3456.js:42:4842)
    at a (/Users/julianclarkson/Documents/Scorpion26.00/.next/server/app/api/admin/programs/[id]/route.js:1:2680)
    at i (/Users/julianclarkson/Documents/Scorpion26.00/.next/server/chunks/7692.js:1:227)
    at /Users/julianclarkson/Documents/Scorpion26.00/.next/server/chunks/7692.js:1:731
    at /Users/julianclarkson/Documents/Scorpion26.00/node_modules/next/dist/compiled/next-server/app-route.runtime.prod.js:6:38417
    at /Users/julianclarkson/Documents/Scorpion26.00/node_modules/next/dist/server/lib/trace/tracer.js:140:36
    at NoopContextManager.with (/Users/julianclarkson/Documents/Scorpion26.00/node_modules/@opentelemetry/api/build/src/context/NoopContextManager.js:25:19)
    at ContextAPI.with (/Users/julianclarkson/Documents/Scorpion26.00/node_modules/@opentelemetry/api/build/src/api/context.js:60:46)
    at NoopTracer.startActiveSpan (/Users/julianclarkson/Documents/Scorpion26.00/node_modules/@opentelemetry/api/build/src/trace/NoopTracer.js:65:31) {
  description: "Route /api/subscriptions/my couldn't be rendered statically because it used `cookies`. See more info here: https://nextjs.org/docs/messages/dynamic-server-error",
  digest: 'DYNAMIC_SERVER_USAGE'
}
Error in GET /api/progress/charts: n [Error]: Dynamic server usage: Route /api/progress/charts couldn't be rendered statically because it used `cookies`. See more info here: https://nextjs.org/docs/messages/dynamic-server-error
    at l (/Users/julianclarkson/Documents/Scorpion26.00/.next/server/chunks/9276.js:1:56329)
    at u (/Users/julianclarkson/Documents/Scorpion26.00/.next/server/chunks/3456.js:42:4842)
    at o (/Users/julianclarkson/Documents/Scorpion26.00/.next/server/app/api/admin/users/route.js:1:2717)
    at R (/Users/julianclarkson/Documents/Scorpion26.00/.next/server/app/api/progress/charts/route.js:1:19953)
    at /Users/julianclarkson/Documents/Scorpion26.00/node_modules/next/dist/compiled/next-server/app-route.runtime.prod.js:6:38417
    at /Users/julianclarkson/Documents/Scorpion26.00/node_modules/next/dist/server/lib/trace/tracer.js:140:36
    at NoopContextManager.with (/Users/julianclarkson/Documents/Scorpion26.00/node_modules/@opentelemetry/api/build/src/context/NoopContextManager.js:25:19)
    at ContextAPI.with (/Users/julianclarkson/Documents/Scorpion26.00/node_modules/@opentelemetry/api/build/src/api/context.js:60:46)
    at NoopTracer.startActiveSpan (/Users/julianclarkson/Documents/Scorpion26.00/node_modules/@opentelemetry/api/build/src/trace/NoopTracer.js:65:31)
    at ProxyTracer.startActiveSpan (/Users/julianclarkson/Documents/Scorpion26.00/node_modules/@opentelemetry/api/build/src/trace/ProxyTracer.js:36:24) {
  description: "Route /api/progress/charts couldn't be rendered statically because it used `cookies`. See more info here: https://nextjs.org/docs/messages/dynamic-server-error",
  digest: 'DYNAMIC_SERVER_USAGE'
}
Authentication error: n [Error]: Dynamic server usage: Route /api/users couldn't be rendered statically because it used `cookies`. See more info here: https://nextjs.org/docs/messages/dynamic-server-error
    at l (/Users/julianclarkson/Documents/Scorpion26.00/.next/server/chunks/9276.js:1:56329)
    at u (/Users/julianclarkson/Documents/Scorpion26.00/.next/server/chunks/3456.js:42:4842)
    at a (/Users/julianclarkson/Documents/Scorpion26.00/.next/server/app/api/admin/blog/route.js:1:2666)
    at i (/Users/julianclarkson/Documents/Scorpion26.00/.next/server/chunks/7692.js:1:227)
    at /Users/julianclarkson/Documents/Scorpion26.00/.next/server/chunks/7692.js:1:731
    at /Users/julianclarkson/Documents/Scorpion26.00/node_modules/next/dist/compiled/next-server/app-route.runtime.prod.js:6:38417
    at /Users/julianclarkson/Documents/Scorpion26.00/node_modules/next/dist/server/lib/trace/tracer.js:140:36
    at NoopContextManager.with (/Users/julianclarkson/Documents/Scorpion26.00/node_modules/@opentelemetry/api/build/src/context/NoopContextManager.js:25:19)
    at ContextAPI.with (/Users/julianclarkson/Documents/Scorpion26.00/node_modules/@opentelemetry/api/build/src/api/context.js:60:46)
    at NoopTracer.startActiveSpan (/Users/julianclarkson/Documents/Scorpion26.00/node_modules/@opentelemetry/api/build/src/trace/NoopTracer.js:65:31) {
  description: "Route /api/users couldn't be rendered statically because it used `cookies`. See more info here: https://nextjs.org/docs/messages/dynamic-server-error",
  digest: 'DYNAMIC_SERVER_USAGE'
}
Error fetching user settings: n [Error]: Dynamic server usage: Route /api/user/settings couldn't be rendered statically because it used `cookies`. See more info here: https://nextjs.org/docs/messages/dynamic-server-error
    at l (/Users/julianclarkson/Documents/Scorpion26.00/.next/server/chunks/9276.js:1:56329)
    at u (/Users/julianclarkson/Documents/Scorpion26.00/.next/server/chunks/3456.js:42:4842)
    at a (/Users/julianclarkson/Documents/Scorpion26.00/.next/server/app/api/admin/workouts/[id]/route.js:1:2319)
    at p (/Users/julianclarkson/Documents/Scorpion26.00/.next/server/app/api/user/settings/route.js:1:1074)
    at /Users/julianclarkson/Documents/Scorpion26.00/node_modules/next/dist/compiled/next-server/app-route.runtime.prod.js:6:38417
    at /Users/julianclarkson/Documents/Scorpion26.00/node_modules/next/dist/server/lib/trace/tracer.js:140:36
    at NoopContextManager.with (/Users/julianclarkson/Documents/Scorpion26.00/node_modules/@opentelemetry/api/build/src/context/NoopContextManager.js:25:19)
    at ContextAPI.with (/Users/julianclarkson/Documents/Scorpion26.00/node_modules/@opentelemetry/api/build/src/api/context.js:60:46)
    at NoopTracer.startActiveSpan (/Users/julianclarkson/Documents/Scorpion26.00/node_modules/@opentelemetry/api/build/src/trace/NoopTracer.js:65:31)
    at ProxyTracer.startActiveSpan (/Users/julianclarkson/Documents/Scorpion26.00/node_modules/@opentelemetry/api/build/src/trace/ProxyTracer.js:36:24) {
  description: "Route /api/user/settings couldn't be rendered statically because it used `cookies`. See more info here: https://nextjs.org/docs/messages/dynamic-server-error",
  digest: 'DYNAMIC_SERVER_USAGE'
}
Plans GET error: n [Error]: Dynamic server usage: Route /api/subscriptions/plans couldn't be rendered statically because it used `cookies`. See more info here: https://nextjs.org/docs/messages/dynamic-server-error
    at l (/Users/julianclarkson/Documents/Scorpion26.00/.next/server/chunks/9276.js:1:56329)
    at u (/Users/julianclarkson/Documents/Scorpion26.00/.next/server/chunks/3456.js:42:4842)
    at n (/Users/julianclarkson/Documents/Scorpion26.00/.next/server/app/api/admin/subscriptions/route.js:1:2315)
    at u (/Users/julianclarkson/Documents/Scorpion26.00/.next/server/app/api/subscriptions/plans/route.js:1:1065)
    at /Users/julianclarkson/Documents/Scorpion26.00/node_modules/next/dist/compiled/next-server/app-route.runtime.prod.js:6:38417
    at /Users/julianclarkson/Documents/Scorpion26.00/node_modules/next/dist/server/lib/trace/tracer.js:140:36
    at NoopContextManager.with (/Users/julianclarkson/Documents/Scorpion26.00/node_modules/@opentelemetry/api/build/src/context/NoopContextManager.js:25:19)
    at ContextAPI.with (/Users/julianclarkson/Documents/Scorpion26.00/node_modules/@opentelemetry/api/build/src/api/context.js:60:46)
    at NoopTracer.startActiveSpan (/Users/julianclarkson/Documents/Scorpion26.00/node_modules/@opentelemetry/api/build/src/trace/NoopTracer.js:65:31)
    at ProxyTracer.startActiveSpan (/Users/julianclarkson/Documents/Scorpion26.00/node_modules/@opentelemetry/api/build/src/trace/ProxyTracer.js:36:24) {
  description: "Route /api/subscriptions/plans couldn't be rendered statically because it used `cookies`. See more info here: https://nextjs.org/docs/messages/dynamic-server-error",
  digest: 'DYNAMIC_SERVER_USAGE'
}
   Generating static pages (76/152) 
   Generating static pages (114/152) 
 ✓ Generating static pages (152/152)
   Finalizing page optimization ...
   Collecting build traces ...

Route (app)                                Size     First Load JS
┌ ○ /                                      11.9 kB         163 kB
├ ○ /_not-found                            880 B          88.4 kB
├ ○ /about                                 9.69 kB         154 kB
├ ○ /admin                                 4.53 kB         110 kB
├ ○ /admin/analytics                       3.16 kB         100 kB
├ ○ /admin/audit-logs                      4.24 kB         101 kB
├ ○ /admin/blog                            5.28 kB         102 kB
├ ○ /admin/dashboard                       4.76 kB         113 kB
├ ○ /admin/email-templates                 4.29 kB         101 kB
├ ○ /admin/integrations                    4.36 kB         102 kB
├ ○ /admin/media                           4.65 kB         102 kB
├ ○ /admin/programs                        5.14 kB         102 kB
├ ○ /admin/revenue                         3.08 kB         100 kB
├ ○ /admin/roles                           3.59 kB         109 kB
├ ○ /admin/settings                        5.48 kB         105 kB
├ ○ /admin/subscriptions                   3.83 kB         101 kB
├ ○ /admin/support                         5.01 kB         102 kB
├ ○ /admin/users                           5.2 kB          135 kB
├ ○ /admin/workouts                        5.26 kB         102 kB
├ ƒ /admin/workouts/[id]/edit              8.05 kB         114 kB
├ ƒ /api/activities/cardio                 0 B                0 B
├ ƒ /api/admin/analytics                   0 B                0 B
├ ƒ /api/admin/audit-logs                  0 B                0 B
├ ƒ /api/admin/blog                        0 B                0 B
├ ƒ /api/admin/blog/[id]                   0 B                0 B
├ ƒ /api/admin/media                       0 B                0 B
├ ƒ /api/admin/programs                    0 B                0 B
├ ƒ /api/admin/programs/[id]               0 B                0 B
├ ƒ /api/admin/revenue                     0 B                0 B
├ ƒ /api/admin/settings                    0 B                0 B
├ ƒ /api/admin/subscriptions               0 B                0 B
├ ƒ /api/admin/support                     0 B                0 B
├ ƒ /api/admin/users                       0 B                0 B
├ ƒ /api/admin/users/[id]                  0 B                0 B
├ ƒ /api/admin/workouts                    0 B                0 B
├ ƒ /api/admin/workouts/[id]               0 B                0 B
├ ƒ /api/ai/chat                           0 B                0 B
├ ƒ /api/ai/recommendations                0 B                0 B
├ ƒ /api/ai/recovery-score                 0 B                0 B
├ ƒ /api/ai/training-plan                  0 B                0 B
├ ƒ /api/auth/fitbit/callback              0 B                0 B
├ ƒ /api/auth/google-fit/callback          0 B                0 B
├ ƒ /api/auth/login                        0 B                0 B
├ ƒ /api/auth/logout                       0 B                0 B
├ ƒ /api/auth/register                     0 B                0 B
├ ƒ /api/auth/reset-password               0 B                0 B
├ ƒ /api/brand-config                      0 B                0 B
├ ƒ /api/checkout/shopify                  0 B                0 B
├ ƒ /api/checkout/stripe                   0 B                0 B
├ ƒ /api/collaborator/analytics            0 B                0 B
├ ƒ /api/collaborator/earnings             0 B                0 B
├ ƒ /api/collaborator/submissions          0 B                0 B
├ ƒ /api/community/posts                   0 B                0 B
├ ƒ /api/community/posts/[id]              0 B                0 B
├ ƒ /api/community/posts/[id]/like         0 B                0 B
├ ƒ /api/example/users                     0 B                0 B
├ ƒ /api/example/workouts                  0 B                0 B
├ ƒ /api/health/connections                0 B                0 B
├ ƒ /api/health/connections/[id]           0 B                0 B
├ ƒ /api/health/heart-rate                 0 B                0 B
├ ƒ /api/health/stats/daily                0 B                0 B
├ ƒ /api/health/stats/weekly               0 B                0 B
├ ƒ /api/health/sync                       0 B                0 B
├ ƒ /api/health/weight                     0 B                0 B
├ ƒ /api/messages                          0 B                0 B
├ ƒ /api/messages/[id]                     0 B                0 B
├ ƒ /api/notifications                     0 B                0 B
├ ƒ /api/notifications/[id]                0 B                0 B
├ ƒ /api/notifications/read-all            0 B                0 B
├ ƒ /api/programs                          0 B                0 B
├ ƒ /api/progress                          0 B                0 B
├ ƒ /api/progress/charts                   0 B                0 B
├ ƒ /api/progress/photos                   0 B                0 B
├ ƒ /api/progress/prs                      0 B                0 B
├ ƒ /api/progress/stats                    0 B                0 B
├ ƒ /api/progress/workout-stats            0 B                0 B
├ ƒ /api/social/comments/[id]              0 B                0 B
├ ƒ /api/social/feed                       0 B                0 B
├ ƒ /api/social/posts                      0 B                0 B
├ ƒ /api/social/posts/[id]                 0 B                0 B
├ ƒ /api/social/posts/[id]/comments        0 B                0 B
├ ƒ /api/social/posts/[id]/kudos           0 B                0 B
├ ƒ /api/social/profile                    0 B                0 B
├ ƒ /api/social/users/[id]/block           0 B                0 B
├ ƒ /api/social/users/[id]/follow          0 B                0 B
├ ƒ /api/social/users/[id]/followers       0 B                0 B
├ ƒ /api/social/users/[id]/following       0 B                0 B
├ ƒ /api/social/users/[id]/profile         0 B                0 B
├ ƒ /api/social/users/search               0 B                0 B
├ ƒ /api/social/users/suggested            0 B                0 B
├ ƒ /api/subscriptions/checkout            0 B                0 B
├ ƒ /api/subscriptions/my                  0 B                0 B
├ ƒ /api/subscriptions/plans               0 B                0 B
├ ƒ /api/support/tickets                   0 B                0 B
├ ƒ /api/test-supabase                     0 B                0 B
├ ƒ /api/upload                            0 B                0 B
├ ƒ /api/user/profile                      0 B                0 B
├ ƒ /api/user/settings                     0 B                0 B
├ ƒ /api/users                             0 B                0 B
├ ƒ /api/users/[id]                        0 B                0 B
├ ƒ /api/video/upload                      0 B                0 B
├ ƒ /api/webhooks/stripe                   0 B                0 B
├ ƒ /api/workouts                          0 B                0 B
├ ƒ /api/workouts/[id]/progress            0 B                0 B
├ ƒ /api/workouts/[id]/stream              0 B                0 B
├ ƒ /api/workouts/download                 0 B                0 B
├ ƒ /api/workouts/sessions                 0 B                0 B
├ ƒ /api/workouts/sessions/[id]            0 B                0 B
├ ƒ /api/workouts/sessions/[id]/exercises  0 B                0 B
├ ○ /brand-demo                            4.97 kB         135 kB
├ ○ /careers                               205 B          96.4 kB
├ ○ /collaborator/analytics                4.55 kB        98.8 kB
├ ○ /collaborator/dashboard                7.14 kB         110 kB
├ ○ /collaborator/earnings                 5.45 kB        99.7 kB
├ ○ /collaborator/media                    5.95 kB         100 kB
├ ○ /collaborator/messages                 7.83 kB         105 kB
├ ○ /collaborator/settings                 3.78 kB         105 kB
├ ○ /collaborator/submissions              7 kB            101 kB
├ ○ /collaborator/submit                   7.7 kB          102 kB
├ ○ /community                             7.37 kB         146 kB
├ ○ /contact                               6.83 kB         137 kB
├ ○ /content                               7.4 kB          151 kB
├ ○ /cookies                               167 B          87.7 kB
├ ○ /faq                                   4.08 kB         150 kB
├ ○ /forgot-password                       3.85 kB         142 kB
├ ○ /guest/dashboard                       6.43 kB         109 kB
├ ○ /guest/plans                           6.81 kB         101 kB
├ ○ /guest/workouts                        6.93 kB         101 kB
├ ○ /join                                  3.46 kB         142 kB
├ ○ /legal/cookies                         167 B          87.7 kB
├ ○ /legal/privacy                         167 B          87.7 kB
├ ○ /legal/refunds                         167 B          87.7 kB
├ ○ /legal/terms                           167 B          87.7 kB
├ ○ /login                                 7.21 kB         146 kB
├ ○ /member/achievements                   4.41 kB         163 kB
├ ○ /member/challenges                     4.93 kB         164 kB
├ ○ /member/coach                          6.12 kB         104 kB
├ ○ /member/community                      6.7 kB          101 kB
├ ○ /member/dashboard                      149 kB          261 kB
├ ƒ /member/feed                           7.11 kB         154 kB
├ ○ /member/health                         11 kB           109 kB
├ ○ /member/leaderboard                    4.16 kB         163 kB
├ ○ /member/log                            19.8 kB         150 kB
├ ○ /member/profile                        7.42 kB         102 kB
├ ƒ /member/profile/[id]                   5.11 kB         154 kB
├ ○ /member/programs                       6.74 kB         101 kB
├ ○ /member/progress                       97.1 kB         235 kB
├ ○ /member/schedule                       5.05 kB        99.3 kB
├ ○ /member/settings                       3.78 kB         105 kB
├ ○ /member/settings/connections           7.65 kB         105 kB
├ ƒ /member/social                         7.8 kB          114 kB
├ ○ /member/subscription                   6.75 kB         101 kB
├ ○ /member/track                          8.85 kB         135 kB
├ ○ /member/workouts                       6.96 kB         101 kB
├ ƒ /member/workouts/[id]                  170 kB          300 kB
├ ○ /press                                 205 B          96.4 kB
├ ○ /privacy                               167 B          87.7 kB
├ ○ /programs                              14.2 kB         167 kB
├ ƒ /programs/[id]                         205 B          96.4 kB
├ ƒ /programs/bundle/[id]                  205 B          96.4 kB
├ ○ /programs/nutrition                    205 B          96.4 kB
├ ○ /programs/strength                     205 B          96.4 kB
├ ○ /programs/transformation               205 B          96.4 kB
├ ○ /programs/weight-loss                  205 B          96.4 kB
├ ○ /refunds                               167 B          87.7 kB
├ ○ /results                               7.81 kB         152 kB
├ ○ /shop                                  4.66 kB         146 kB
├ ƒ /shop/[id]                             4.16 kB         146 kB
├ ○ /shop/success                          5.03 kB         137 kB
├ ○ /team/analytics                        5.25 kB        99.5 kB
├ ○ /team/calendar                         5.07 kB        99.3 kB
├ ○ /team/content                          7.05 kB         101 kB
├ ○ /team/dashboard                        7.16 kB         110 kB
├ ○ /team/media                            6.86 kB         101 kB
├ ○ /team/messages                         7.83 kB         105 kB
├ ○ /team/settings                         3.78 kB         105 kB
├ ○ /team/tasks                            6.96 kB         101 kB
├ ○ /team/tickets                          6.79 kB         101 kB
└ ○ /terms                                 167 B          87.7 kB
+ First Load JS shared by all              87.5 kB
  ├ chunks/2117-13a497e1c033869c.js        31.9 kB
  ├ chunks/fd9d1056-31c468b5f57641a4.js    53.6 kB
  └ other shared chunks (total)            1.98 kB


ƒ Middleware                               26 kB

○  (Static)   prerendered as static content
ƒ  (Dynamic)  server-rendered on demand

